params: {}
output: <class 'fastai.torch_core.TensorBase'> ()
