params:
  csv: mice.csv
  batch_size: 4
  x: weight
  y: obese
  validation_proportion: 0.2
output: <class 'torch.Tensor'> ()
