params: {}
output: '[<function logit_accuracy at <HEX>>, <function logit_f1 at <HEX>>]'
