params:
- show-batch
- --help
output:
  exit_code: 0
  stdout: |
    Usage: base-callback show-batch [OPTIONS]

    Options:
      --csv PATH                     A CSV with image paths and categories.
      --image-column TEXT            The name of the column with the image paths.
                                     [default: image]
      --category-column TEXT         The name of the column with the category of the
                                     image.  [default: category]
      --base-dir PATH                The base directory for images with relative
                                     paths.  [default: ./]
      --validation-column TEXT       The column in the dataset to use for
                                     validation. If the column is not in the
                                     dataset, then a validation set will be chosen
                                     randomly according to `validation_proportion`.
                                     [default: validation]
      --validation-proportion FLOAT  The proportion of the dataset to keep for
                                     validation. Used if `validation_column` is not
                                     in the dataset.  [default: 0.2]
      --batch-size INTEGER           The number of items to use in each batch.
                                     [default: 16]
      --width INTEGER                The width to resize all the images to.
                                     [default: 224]
      --height INTEGER               The height to resize all the images to.
                                     [default: 224]
      --resize-method TEXT           The method to resize images.  [default: squish]
      --help                         Show this message and exit.
