params:
  csv: "mice.csv"
  batch_size: 4
  x: weight
  y: obese
  validation_proportion: 0.1
output:
  type: DataLoaders
  train_size: 45
  validation_size: 5
  batch_x_type: Tensor
  batch_y_type: TensorCategory
  batch_x_shape: torch.Size([4, 1])
  batch_y_shape: torch.Size([4, 1])
