params: {}
output: '[<function accuracy at <HEX>>]'
