params:
- bibliography
output:
  exit_code: 0
  stdout: |+
    [1] J. Howard and S. Gugger. Deep Learning for Coders with Fastai and Pytorch: AI Applications Without a PhD. O'Reilly Media, Incorporated, 2020. ISBN 9781492045526. URL: https://books.google.no/books?id=xd6LxgEACAAJ.
    [2] Jeremy Howard and Sylvain Gugger. Fastai: A Layered API for Deep Learning. Information, 2020. URL: https://www.mdpi.com/2078-2489/11/2/108, doi:10.3390/info11020108.
    [3] Robert Turnbull and Jonathan Garber. FastApp: A wrapper for fastai projects to create easy command-line inferfaces and manage hyper-parameter tuning. JOSS, 2022 (forthcoming).

...
