params:
- train
- --help
output:
  exit_code: 0
  stdout: |
    Usage: base-callback train [OPTIONS]

    Options:
      --output-dir PATH               [default: outputs]
      --epochs INTEGER                The number of epochs.  [default: 20]
      --lr-max FLOAT                  The max learning rate.  [default: 0.0001]
      --distributed / --no-distributed
                                      If the learner is distributed.  [default: no-
                                      distributed]
      --csv PATH                      The path to a CSV file with the data.
      --x TEXT                        The column name of the independent variable.
                                      [default: x]
      --y TEXT                        The column name of the dependent variable.
                                      [default: y]
      --validation-proportion FLOAT   The proportion of the dataset to use for
                                      validation.  [default: 0.2]
      --batch-size INTEGER            The number of items to use in each batch.
                                      [default: 32]
      --wandb / --no-wandb            Whether or not to use 'Weights and Biases' for
                                      logging.  [default: no-wandb]
      --wandb-mode TEXT               The mode for 'Weights and Biases'.  [default:
                                      online]
      --wandb-dir PATH                The location for 'Weights and Biases' output.
      --mlflow / --no-mlflow          Whether or not to use MLflow for logging.
                                      [default: no-mlflow]
      --help                          Show this message and exit.
