params:
- --help
output:
  exit_code: 0
  stdout: |
    Usage: base-callback [OPTIONS] COMMAND [ARGS]...

    Options:
      -v, --version                   Prints the current version.
      --install-completion [bash|zsh|fish|powershell|pwsh]
                                      Install completion for the specified shell.
      --show-completion [bash|zsh|fish|powershell|pwsh]
                                      Show completion for the specified shell, to
                                      copy it or customize the installation.
      --help                          Show this message and exit.

    Commands:
      predict
      show-batch
      train
      tune
