params:
- --version
output:
  exit_code: 0
  stdout: |
    0.1.20
