params:
- -v
output:
  exit_code: 0
  stdout: "\e[1;36m0.1\e[0m.\e[1;36m2\e[0m\n"
