params: {}
output: '[<function accuracy at <HEX>>, <function error_rate at <HEX>>]'
