params:
- show-batch
- --help
output:
  exit_code: 0
  stdout: |
    Usage: base-callback show-batch [OPTIONS]

    Options:
      --output-path PATH  A location to save the HTML which summarizes the batch.
      --help              Show this message and exit.
