params:
  batch_size: 4
output:
  type: TabularDataLoaders
  train_size: 30
  validation_size: 8
  batch_x_type: Tensor
  batch_y_type: Tensor
  batch_x_shape: torch.Size([4, 0])
  batch_y_shape: torch.Size([4, 4])
