params: {}
output: |-
  Sequential(
    (0): Linear(in_features=1, out_features=1, bias=True)
    (1): Sigmoid()
  )
